_:node16vicghfdx1 http://lobid.org/organisation/ACRPP,http://lobid.org/organisation/AAAAA
_:node16vicghfdx2 http://lobid.org/organisation/ACRPP
